// Jest Snapshot v1, https://goo.gl/fbAQLP

exports[`App rendering should render correctly in dark mode: dark-mode 1`] = `
[
  <StatusBar
    backgroundColor="#FFFFFF"
    barStyle="dark-content"
  />,
  <View
    style={
      {
        "alignItems": "center",
        "backgroundColor": "#FFFFFF",
        "flex": 1,
        "justifyContent": "center",
      }
    }
  >
    <View
      style={
        [
          {
            "width": 80,
          },
          {
            "height": 80,
          },
        ]
      }
    >
      <View
        style={
          [
            {
              "bottom": 0,
              "left": 0,
              "position": "absolute",
              "right": 0,
              "top": 0,
            },
            {
              "alignItems": "center",
              "backgroundColor": "#E5E7EB",
              "justifyContent": "center",
            },
            {
              "borderRadius": 40,
            },
          ]
        }
      >
        <View
          style={
            [
              {
                "alignItems": "center",
                "backgroundColor": "#E5E7EB",
                "borderRadius": 24,
                "height": 48,
                "justifyContent": "center",
                "width": 48,
              },
              undefined,
            ]
          }
        >
          <View
            style={
              {
                "backgroundColor": "#6B7280",
                "borderRadius": 14.399999999999999,
                "height": 28.799999999999997,
                "width": 28.799999999999997,
              }
            }
          />
        </View>
      </View>
      <View
        style={
          [
            {
              "overflow": "hidden",
            },
            {
              "bottom": 0,
              "left": 0,
              "position": "absolute",
              "right": 0,
              "top": 0,
            },
          ]
        }
      >
        <FastImageView
          defaultSource={null}
          onFastImageError={[Function]}
          onFastImageLoadEnd={[Function]}
          onFastImageLoadStart={[Function]}
          resizeMode="cover"
          source={
            {
              "testUri": "../../../src/assets/images/lumen-logo-02.png",
            }
          }
          style={
            {
              "bottom": 0,
              "left": 0,
              "position": "absolute",
              "right": 0,
              "top": 0,
            }
          }
        />
      </View>
    </View>
  </View>,
]
`;

exports[`App rendering should render correctly in light mode: light-mode 1`] = `
[
  <StatusBar
    backgroundColor="#FFFFFF"
    barStyle="dark-content"
  />,
  <View
    style={
      {
        "alignItems": "center",
        "backgroundColor": "#FFFFFF",
        "flex": 1,
        "justifyContent": "center",
      }
    }
  >
    <View
      style={
        [
          {
            "width": 80,
          },
          {
            "height": 80,
          },
        ]
      }
    >
      <View
        style={
          [
            {
              "bottom": 0,
              "left": 0,
              "position": "absolute",
              "right": 0,
              "top": 0,
            },
            {
              "alignItems": "center",
              "backgroundColor": "#E5E7EB",
              "justifyContent": "center",
            },
            {
              "borderRadius": 40,
            },
          ]
        }
      >
        <View
          style={
            [
              {
                "alignItems": "center",
                "backgroundColor": "#E5E7EB",
                "borderRadius": 24,
                "height": 48,
                "justifyContent": "center",
                "width": 48,
              },
              undefined,
            ]
          }
        >
          <View
            style={
              {
                "backgroundColor": "#6B7280",
                "borderRadius": 14.399999999999999,
                "height": 28.799999999999997,
                "width": 28.799999999999997,
              }
            }
          />
        </View>
      </View>
      <View
        style={
          [
            {
              "overflow": "hidden",
            },
            {
              "bottom": 0,
              "left": 0,
              "position": "absolute",
              "right": 0,
              "top": 0,
            },
          ]
        }
      >
        <FastImageView
          defaultSource={null}
          onFastImageError={[Function]}
          onFastImageLoadEnd={[Function]}
          onFastImageLoadStart={[Function]}
          resizeMode="cover"
          source={
            {
              "testUri": "../../../src/assets/images/lumen-logo-02.png",
            }
          }
          style={
            {
              "bottom": 0,
              "left": 0,
              "position": "absolute",
              "right": 0,
              "top": 0,
            }
          }
        />
      </View>
    </View>
  </View>,
]
`;

exports[`App snapshots should render correctly in dark mode 1`] = `
[
  <StatusBar
    backgroundColor="#FFFFFF"
    barStyle="dark-content"
  />,
  <View
    style={
      {
        "alignItems": "center",
        "backgroundColor": "#FFFFFF",
        "flex": 1,
        "justifyContent": "center",
      }
    }
  >
    <View
      style={
        [
          {
            "width": 80,
          },
          {
            "height": 80,
          },
        ]
      }
    >
      <View
        style={
          [
            {
              "bottom": 0,
              "left": 0,
              "position": "absolute",
              "right": 0,
              "top": 0,
            },
            {
              "alignItems": "center",
              "backgroundColor": "#E5E7EB",
              "justifyContent": "center",
            },
            {
              "borderRadius": 40,
            },
          ]
        }
      >
        <View
          style={
            [
              {
                "alignItems": "center",
                "backgroundColor": "#E5E7EB",
                "borderRadius": 24,
                "height": 48,
                "justifyContent": "center",
                "width": 48,
              },
              undefined,
            ]
          }
        >
          <View
            style={
              {
                "backgroundColor": "#6B7280",
                "borderRadius": 14.399999999999999,
                "height": 28.799999999999997,
                "width": 28.799999999999997,
              }
            }
          />
        </View>
      </View>
      <View
        style={
          [
            {
              "overflow": "hidden",
            },
            {
              "bottom": 0,
              "left": 0,
              "position": "absolute",
              "right": 0,
              "top": 0,
            },
          ]
        }
      >
        <FastImageView
          defaultSource={null}
          onFastImageError={[Function]}
          onFastImageLoadEnd={[Function]}
          onFastImageLoadStart={[Function]}
          resizeMode="cover"
          source={
            {
              "testUri": "../../../src/assets/images/lumen-logo-02.png",
            }
          }
          style={
            {
              "bottom": 0,
              "left": 0,
              "position": "absolute",
              "right": 0,
              "top": 0,
            }
          }
        />
      </View>
    </View>
  </View>,
]
`;

exports[`App snapshots should render correctly in light mode 1`] = `
[
  <StatusBar
    backgroundColor="#FFFFFF"
    barStyle="dark-content"
  />,
  <View
    style={
      {
        "alignItems": "center",
        "backgroundColor": "#FFFFFF",
        "flex": 1,
        "justifyContent": "center",
      }
    }
  >
    <View
      style={
        [
          {
            "width": 80,
          },
          {
            "height": 80,
          },
        ]
      }
    >
      <View
        style={
          [
            {
              "bottom": 0,
              "left": 0,
              "position": "absolute",
              "right": 0,
              "top": 0,
            },
            {
              "alignItems": "center",
              "backgroundColor": "#E5E7EB",
              "justifyContent": "center",
            },
            {
              "borderRadius": 40,
            },
          ]
        }
      >
        <View
          style={
            [
              {
                "alignItems": "center",
                "backgroundColor": "#E5E7EB",
                "borderRadius": 24,
                "height": 48,
                "justifyContent": "center",
                "width": 48,
              },
              undefined,
            ]
          }
        >
          <View
            style={
              {
                "backgroundColor": "#6B7280",
                "borderRadius": 14.399999999999999,
                "height": 28.799999999999997,
                "width": 28.799999999999997,
              }
            }
          />
        </View>
      </View>
      <View
        style={
          [
            {
              "overflow": "hidden",
            },
            {
              "bottom": 0,
              "left": 0,
              "position": "absolute",
              "right": 0,
              "top": 0,
            },
          ]
        }
      >
        <FastImageView
          defaultSource={null}
          onFastImageError={[Function]}
          onFastImageLoadEnd={[Function]}
          onFastImageLoadStart={[Function]}
          resizeMode="cover"
          source={
            {
              "testUri": "../../../src/assets/images/lumen-logo-02.png",
            }
          }
          style={
            {
              "bottom": 0,
              "left": 0,
              "position": "absolute",
              "right": 0,
              "top": 0,
            }
          }
        />
      </View>
    </View>
  </View>,
]
`;

exports[`App structure should render app structure correctly: app-structure 1`] = `
[
  <StatusBar
    backgroundColor="#FFFFFF"
    barStyle="dark-content"
  />,
  <View
    style={
      {
        "alignItems": "center",
        "backgroundColor": "#FFFFFF",
        "flex": 1,
        "justifyContent": "center",
      }
    }
  >
    <View
      style={
        [
          {
            "width": 80,
          },
          {
            "height": 80,
          },
        ]
      }
    >
      <View
        style={
          [
            {
              "bottom": 0,
              "left": 0,
              "position": "absolute",
              "right": 0,
              "top": 0,
            },
            {
              "alignItems": "center",
              "backgroundColor": "#E5E7EB",
              "justifyContent": "center",
            },
            {
              "borderRadius": 40,
            },
          ]
        }
      >
        <View
          style={
            [
              {
                "alignItems": "center",
                "backgroundColor": "#E5E7EB",
                "borderRadius": 24,
                "height": 48,
                "justifyContent": "center",
                "width": 48,
              },
              undefined,
            ]
          }
        >
          <View
            style={
              {
                "backgroundColor": "#6B7280",
                "borderRadius": 14.399999999999999,
                "height": 28.799999999999997,
                "width": 28.799999999999997,
              }
            }
          />
        </View>
      </View>
      <View
        style={
          [
            {
              "overflow": "hidden",
            },
            {
              "bottom": 0,
              "left": 0,
              "position": "absolute",
              "right": 0,
              "top": 0,
            },
          ]
        }
      >
        <FastImageView
          defaultSource={null}
          onFastImageError={[Function]}
          onFastImageLoadEnd={[Function]}
          onFastImageLoadStart={[Function]}
          resizeMode="cover"
          source={
            {
              "testUri": "../../../src/assets/images/lumen-logo-02.png",
            }
          }
          style={
            {
              "bottom": 0,
              "left": 0,
              "position": "absolute",
              "right": 0,
              "top": 0,
            }
          }
        />
      </View>
    </View>
  </View>,
]
`;
