// Jest Snapshot v1, https://goo.gl/fbAQLP

exports[`App rendering should render correctly in dark mode: dark-mode 1`] = `
<View
  testID="app-content"
>
  <View
    testID="test-view"
  />
</View>
`;

exports[`App rendering should render correctly in light mode: light-mode 1`] = `
<View
  testID="app-content"
>
  <View
    testID="test-view"
  />
</View>
`;

exports[`App snapshots should render correctly in dark mode 1`] = `
<View
  testID="app-content"
>
  <View
    testID="test-view"
  />
</View>
`;

exports[`App snapshots should render correctly in light mode 1`] = `
<View
  testID="app-content"
>
  <View
    testID="test-view"
  />
</View>
`;

exports[`App structure should render app structure correctly: app-structure 1`] = `
<View
  testID="app-content"
>
  <View
    testID="test-view"
  />
</View>
`;
